
  VITE v7.0.6  ready in 314 ms

  ➜  Local:   http://localhost:5173/
  ➜  Network: http://197.85.7.242:5173/
